###############################################################################
#
# IAR ELF Linker V8.50.9.278/W32 for ARM                  13/Apr/2021  19:47:54
# Copyright 2007-2020 IAR Systems AB.
#
#    Output file  =
#        C:\Users\giova\Desktop\Repos\UTFPR\EK-TM4C1294_RTOS_IAR8-master\Projects\lab_desafio\Debug\Exe\lab_desafio.out
#    Map file     =
#        C:\Users\giova\Desktop\Repos\UTFPR\EK-TM4C1294_RTOS_IAR8-master\Projects\lab_desafio\Debug\List\lab_desafio.map
#    Command line =
#        -f C:\Users\giova\AppData\Local\Temp\EW75C9.tmp
#        (C:\Users\giova\Desktop\Repos\UTFPR\EK-TM4C1294_RTOS_IAR8-master\Projects\lab_desafio\Debug\Obj\driverbuttons.o
#        C:\Users\giova\Desktop\Repos\UTFPR\EK-TM4C1294_RTOS_IAR8-master\Projects\lab_desafio\Debug\Obj\driverleds.o
#        C:\Users\giova\Desktop\Repos\UTFPR\EK-TM4C1294_RTOS_IAR8-master\TivaWare_C_Series-2.1.4.178\driverlib\ewarm\Exe\driverlib.a
#        C:\Users\giova\Desktop\Repos\UTFPR\EK-TM4C1294_RTOS_IAR8-master\Projects\lab_desafio\Debug\Obj\main.o
#        C:\Users\giova\Desktop\Repos\UTFPR\EK-TM4C1294_RTOS_IAR8-master\CMSIS-5.6.0\CMSIS\RTOS2\RTX\Library\IAR\IDE\CM4F\Exe\RTX_CM.a
#        C:\Users\giova\Desktop\Repos\UTFPR\EK-TM4C1294_RTOS_IAR8-master\Projects\lab_desafio\Debug\Obj\RTX_Config.o
#        C:\Users\giova\Desktop\Repos\UTFPR\EK-TM4C1294_RTOS_IAR8-master\Projects\lab_desafio\Debug\Obj\rtx_lib.o
#        C:\Users\giova\Desktop\Repos\UTFPR\EK-TM4C1294_RTOS_IAR8-master\Projects\lab_desafio\Debug\Obj\startup_TM4C1294.o
#        C:\Users\giova\Desktop\Repos\UTFPR\EK-TM4C1294_RTOS_IAR8-master\Projects\lab_desafio\Debug\Obj\system_TM4C1294_TW.o
#        --no_out_extension -o
#        C:\Users\giova\Desktop\Repos\UTFPR\EK-TM4C1294_RTOS_IAR8-master\Projects\lab_desafio\Debug\Exe\lab_desafio.out
#        --redirect _Printf=_PrintfFullNoMb --redirect _Scanf=_ScanfFullNoMb
#        --map
#        C:\Users\giova\Desktop\Repos\UTFPR\EK-TM4C1294_RTOS_IAR8-master\Projects\lab_desafio\Debug\List\lab_desafio.map
#        --config "C:\Program Files (x86)\IAR Systems\Embedded Workbench
#        8.4\arm\config\linker\TexasInstruments\TM4C1294NC.icf" --semihosting
#        --entry __iar_program_start --vfe --text_out locale)
#
###############################################################################

*******************************************************************************
*** RUNTIME MODEL ATTRIBUTES
***

CppFlavor       = *
__SystemLibrary = DLib
__dlib_version  = 6


*******************************************************************************
*** HEAP SELECTION
***

The basic heap was selected because some modules are built with
size limitations (and not runtime checking), and --advanced_heap
was not specified.


*******************************************************************************
*** PLACEMENT SUMMARY
***

"A0":  place at address 0x0 { ro section .intvec };
"P1":  place in [from 0x0 to 0xf'ffff] { ro };
define block CSTACK with size = 32K, alignment = 8 { };
define block HEAP with size = 64K, alignment = 8 { };
"P2":  place in [from 0x2000'0000 to 0x2003'ffff] {
          rw, block CSTACK, block HEAP };
initialize by copy { rw };

  Section               Kind         Address    Size  Object
  -------               ----         -------    ----  ------
"A0":                                          0x3c0
  .intvec               ro code          0x0   0x3c0  startup_TM4C1294.o [1]
                                     - 0x3c0   0x3c0

"P1":                                         0x2d71
  .text                 ro code        0x3c0   0xa4c  rtx_thread.o [2]
  .text                 ro code        0xe0c     0x2  rtx_evr.o [2]
  .text                 ro code        0xe0e     0x2  rtx_evr.o [2]
  .text                 ro code        0xe10     0x2  rtx_evr.o [2]
  .text                 ro code        0xe12     0x2  rtx_evr.o [2]
  .text                 ro code        0xe14     0x2  rtx_evr.o [2]
  .text                 ro code        0xe16     0x2  rtx_evr.o [2]
  .text                 ro code        0xe18     0x2  rtx_evr.o [2]
  .text                 ro code        0xe1a     0x2  rtx_evr.o [2]
  .text                 ro code        0xe1c     0x2  rtx_evr.o [2]
  .text                 ro code        0xe1e     0x2  rtx_evr.o [2]
  .text                 ro code        0xe20     0x2  rtx_evr.o [2]
  .text                 ro code        0xe22     0x2  rtx_evr.o [2]
  .text                 ro code        0xe24     0x2  rtx_evr.o [2]
  .text                 ro code        0xe26    0x3a  zero_init3.o [5]
  .text                 ro code        0xe60    0xe6  rtx_mempool.o [2]
  .text                 ro code        0xf46     0x2  rtx_evr.o [2]
  .text                 ro code        0xf48    0x82  rtx_memory.o [2]
  .text                 ro code        0xfca     0x2  RTX_Config.o [1]
  .text                 ro code        0xfcc     0x6  ABImemclr4.o [5]
  .text                 ro code        0xfd2     0x2  rtx_evr.o [2]
  .text                 ro code        0xfd4    0x4a  rtx_memory.o [2]
  .text                 ro code       0x101e     0x2  startup_TM4C1294.o [1]
  .text                 ro code       0x1020    0x52  rtx_mutex.o [2]
  .text                 ro code       0x1072     0x2  rtx_evr.o [2]
  .text                 ro code       0x1074     0x2  rtx_evr.o [2]
  .text                 ro code       0x1076     0x2  rtx_evr.o [2]
  .text                 ro code       0x1078     0x2  rtx_evr.o [2]
  .text                 ro code       0x107a     0x2  rtx_evr.o [2]
  .text                 ro code       0x107c     0x2  rtx_evr.o [2]
  .text                 ro code       0x107e     0x2  rtx_evr.o [2]
  .text                 ro code       0x1080     0x2  rtx_evr.o [2]
  .text                 ro code       0x1082     0x2  rtx_evr.o [2]
  .text                 ro code       0x1084     0x2  rtx_evr.o [2]
  .text                 ro code       0x1088   0x174  rtx_system.o [2]
  .text                 ro code       0x11fc     0x2  rtx_evr.o [2]
  .text                 ro code       0x11fe    0x20  RTX_Config.o [1]
  .text                 ro code       0x121e     0x2  rtx_evr.o [2]
  .text                 ro code       0x1220     0x2  rtx_evr.o [2]
  .text                 ro code       0x1222     0x2  rtx_evr.o [2]
  .text                 ro code       0x1224     0x2  rtx_evr.o [2]
  .text                 ro code       0x1228    0x32  ABImemset48.o [5]
  .text                 ro code       0x125a     0x2  rtx_evr.o [2]
  .text                 ro code       0x125c     0x2  rtx_evr.o [2]
  .text                 ro code       0x125e     0x2  rtx_evr.o [2]
  .text                 ro code       0x1260     0xc  os_systick.o [2]
  .text                 ro code       0x126c   0x61c  rtx_msgqueue.o [2]
  .text                 ro code       0x1888    0xa6  ABImemcpy.o [5]
  .text                 ro code       0x192e     0x2  rtx_evr.o [2]
  .text                 ro code       0x1930     0x2  rtx_evr.o [2]
  .text                 ro code       0x1932     0x2  rtx_evr.o [2]
  .text                 ro code       0x1934     0x6  ABImemclr.o [5]
  .text                 ro code       0x193a     0x2  rtx_evr.o [2]
  .text                 ro code       0x193c     0x2  rtx_evr.o [2]
  .text                 ro code       0x193e     0x2  rtx_evr.o [2]
  .text                 ro code       0x1940     0x2  rtx_evr.o [2]
  .text                 ro code       0x1942     0x2  rtx_evr.o [2]
  .text                 ro code       0x1944     0x2  rtx_evr.o [2]
  .text                 ro code       0x1946     0x2  rtx_evr.o [2]
  .text                 ro code       0x1948     0x2  rtx_evr.o [2]
  .text                 ro code       0x194a     0x2  rtx_evr.o [2]
  .text                 ro code       0x194c    0x5e  ABImemset.o [5]
  .text                 ro code       0x19ac   0x3cc  main.o [1]
  .text                 ro code       0x1d78   0x154  driverleds.o [1]
  .text                 ro code       0x1ecc    0x64  rtx_delay.o [2]
  .text                 ro code       0x1f30   0x2c8  rtx_kernel.o [2]
  .text                 ro code       0x21f8   0x272  gpio.o [4]
  .text                 ro code       0x246c   0x118  driverbuttons.o [1]
  .text                 ro code       0x2584    0x2c  system_TM4C1294_TW.o [1]
  .text                 ro code       0x25b0   0x29c  sysctl.o [4]
  .text                 ro code       0x284c     0x2  rtx_evr.o [2]
  .text                 ro code       0x284e     0x2  rtx_evr.o [2]
  .text                 ro code       0x2850     0x2  rtx_evr.o [2]
  .text                 ro code       0x2852     0x2  rtx_evr.o [2]
  .text                 ro code       0x2854    0x44  rtx_memory.o [2]
  .text                 ro code       0x2898     0x2  rtx_evr.o [2]
  .text                 ro code       0x289a     0x2  rtx_evr.o [2]
  .text                 ro code       0x289c    0x40  os_systick.o [2]
  .text                 ro code       0x28dc     0x6  os_systick.o [2]
  .text                 ro code       0x28e4    0x2c  os_systick.o [2]
  .text                 ro code       0x2910     0x2  rtx_evr.o [2]
  .text                 ro code       0x2912     0x2  rtx_lib.o [1]
  .text                 ro code       0x2914     0x2  rtx_evr.o [2]
  .text                 ro code       0x2916     0x2  rtx_evr.o [2]
  .text                 ro code       0x2918     0x2  rtx_evr.o [2]
  .text                 ro code       0x291c    0xac  interrupt.o [4]
  .text                 ro code       0x29c8     0x2  rtx_evr.o [2]
  .rodata               const         0x29cc   0x1b0  sysctl.o [4]
  .rodata               const         0x2b7c   0x198  gpio.o [4]
  .text                 ro code       0x2d14    0xd4  rtx_timer.o [2]
  .text                 ro code       0x2de8     0x2  rtx_evr.o [2]
  .text                 ro code       0x2dec    0xc4  irq_cm4f.o [2]
  .rodata               const         0x2eb0    0x6c  sysctl.o [4]
  .rodata               const         0x2f1c    0x68  rtx_lib.o [1]
  .text                 ro code       0x2f84    0x38  packbits_init_single.o [5]
  .rodata               const         0x2fbc    0x30  sysctl.o [4]
  .text                 ro code       0x2fec    0x28  data_init.o [5]
  .rodata               const         0x3014    0x24  rtx_lib.o [1]
  .rodata               const         0x3038    0x24  rtx_lib.o [1]
  .iar.init_table       const         0x305c    0x20  - Linker created -
  .text                 ro code       0x307c    0x1e  cmain.o [5]
  .text                 ro code       0x309a     0x4  low_level_init.o [3]
  .text                 ro code       0x309e     0x4  exit.o [3]
  .text                 ro code       0x30a4     0xa  cexit.o [5]
  .text                 ro code       0x30b0    0x14  exit.o [6]
  .text                 ro code       0x30c4    0x1c  cstartup_M.o [5]
  .text                 ro code       0x30e0    0x14  startup_TM4C1294.o [1]
  .rodata               const         0x30f4    0x18  rtx_lib.o [1]
  .rodata               const         0x310c    0x10  main.o [1]
  .rodata               const         0x311c     0x4  main.o [1]
  .rodata               const         0x3120     0x4  rtx_lib.o [1]
  .rodata               const         0x3124     0x0  zero_init3.o [5]
  .rodata               const         0x3124     0x0  packbits_init_single.o [5]
  Initializer bytes     const         0x3124     0xd  <for P2-1>
                                    - 0x3131  0x2d71

"P2", part 1 of 3:                              0xa4
  P2-1                           0x2000'0000    0xa4  <Init block>
    .data.os            inited   0x2000'0000    0xa4  rtx_kernel.o [2]
                               - 0x2000'00a4    0xa4

"P2", part 2 of 3:                            0x1584
  .bss.os               zero     0x2000'00a8  0x1000  rtx_lib.o [1]
  .bss.os.thread.stack  zero     0x2000'10a8   0x200  rtx_lib.o [1]
  .bss.os.thread.stack  zero     0x2000'12a8   0x200  rtx_lib.o [1]
  .bss.os.msgqueue.mem  zero     0x2000'14a8    0x50  rtx_lib.o [1]
  .bss.os.thread.cb     zero     0x2000'14f8    0x44  rtx_lib.o [1]
  .bss.os.thread.cb     zero     0x2000'153c    0x44  rtx_lib.o [1]
  .bss.os               zero     0x2000'1580    0x40  rtx_lib.o [1]
  .bss.os.msgqueue.cb   zero     0x2000'15c0    0x34  rtx_lib.o [1]
  .bss                  zero     0x2000'15f4     0x4  main.o [1]
  .bss                  zero     0x2000'15f8     0x4  main.o [1]
  .bss                  zero     0x2000'15fc     0x4  main.o [1]
  .bss                  zero     0x2000'1600     0x4  main.o [1]
  .bss                  zero     0x2000'1604     0x4  main.o [1]
  .bss                  zero     0x2000'1608     0x4  main.o [1]
  .bss                  zero     0x2000'160c     0x4  main.o [1]
  .bss                  zero     0x2000'1610     0x4  main.o [1]
  .bss                  zero     0x2000'1614     0x4  main.o [1]
  .bss                  zero     0x2000'1618     0x4  main.o [1]
  .bss                  zero     0x2000'161c     0x4  main.o [1]
  .bss                  zero     0x2000'1620     0x4  main.o [1]
  .bss                  zero     0x2000'1624     0x1  os_systick.o [2]
                               - 0x2000'1625  0x1581

"P2", part 3 of 3:                            0x8270
  VTABLE                uninit   0x2000'1800   0x26c  interrupt.o [4]
  .noinit               uninit   0x2000'1a6c     0x4  system_TM4C1294_TW.o [1]
  CSTACK                         0x2000'1a70  0x8000  <Block>
    CSTACK              uninit   0x2000'1a70  0x8000  <Block tail>
                               - 0x2000'9a70  0x8270

Unused ranges:

         From           To      Size
         ----           --      ----
       0x3131     0xf'ffff  0xf'cecf
  0x2000'1628  0x2000'17ff     0x1d8
  0x2000'9a70  0x2003'ffff  0x3'6590


*******************************************************************************
*** INIT TABLE
***

          Address      Size
          -------      ----
Zero (__iar_zero_init3)
    1 destination range, total size 0x157d:
          0x2000'00a8  0x157d

Copy/packbits (__iar_packbits_init_single3)
    1 source range, total size 0xd (7% of destination):
               0x3124     0xd
    1 destination range, total size 0xa4:
          0x2000'0000    0xa4



*******************************************************************************
*** MODULE SUMMARY
***

    Module                  ro code  ro data  rw data
    ------                  -------  -------  -------
command line/config:
    -------------------------------------------------
    Total:

C:\Users\giova\Desktop\Repos\UTFPR\EK-TM4C1294_RTOS_IAR8-master\Projects\lab_desafio\Debug\Obj: [1]
    RTX_Config.o                 34
    driverbuttons.o             280
    driverleds.o                340
    main.o                      972       20       48
    rtx_lib.o                     2      204    5'452
    startup_TM4C1294.o          982
    system_TM4C1294_TW.o         44                 4
    -------------------------------------------------
    Total:                    2'654      224    5'504

RTX_CM.a: [2]
    irq_cm4f.o                  196
    os_systick.o                126                 1
    rtx_delay.o                 100
    rtx_evr.o                   114
    rtx_kernel.o                712       13      164
    rtx_memory.o                272
    rtx_mempool.o               230
    rtx_msgqueue.o            1'564
    rtx_mutex.o                  82
    rtx_system.o                372
    rtx_thread.o              2'636
    rtx_timer.o                 212
    -------------------------------------------------
    Total:                    6'616       13      165

dl7M_tln.a: [3]
    exit.o                        4
    low_level_init.o              4
    -------------------------------------------------
    Total:                        8

driverlib.a: [4]
    gpio.o                      626      408
    interrupt.o                 172               620
    sysctl.o                    668      588
    -------------------------------------------------
    Total:                    1'466      996      620

rt7M_tl.a: [5]
    ABImemclr.o                   6
    ABImemclr4.o                  6
    ABImemcpy.o                 166
    ABImemset.o                  94
    ABImemset48.o                50
    cexit.o                      10
    cmain.o                      30
    cstartup_M.o                 28
    data_init.o                  40
    packbits_init_single.o       56
    zero_init3.o                 58
    -------------------------------------------------
    Total:                      544

shb_l.a: [6]
    exit.o                       20
    -------------------------------------------------
    Total:                       20

    Gaps                         18        2        4
    Linker created                        32   32'768
-----------------------------------------------------
    Grand Total:             11'326    1'267   39'061


*******************************************************************************
*** ENTRY LIST
***

Entry                       Address    Size  Type      Object
-----                       -------    ----  ----      ------
.iar.init_table$$Base        0x305c           --   Gb  - Linker created -
.iar.init_table$$Limit       0x307c           --   Gb  - Linker created -
?main                        0x307d          Code  Gb  cmain.o [5]
ButtonHandler                0x1bb9    0x6e  Code  Gb  main.o [1]
ButtonInit                   0x246d    0x68  Code  Gb  driverbuttons.o [1]
ButtonIntClear               0x2551    0x2c  Code  Gb  driverbuttons.o [1]
ButtonIntDisable             0x2525    0x2c  Code  Gb  driverbuttons.o [1]
ButtonIntEnable              0x24d5    0x50  Code  Gb  driverbuttons.o [1]
CSTACK$$Base            0x2000'1a70           --   Gb  - Linker created -
CSTACK$$Limit           0x2000'9a70           --   Gb  - Linker created -
EvrRtxDelay                  0x284f     0x2  Code  Wk  rtx_evr.o [2]
EvrRtxDelayCompleted          0xe0d     0x2  Code  Wk  rtx_evr.o [2]
EvrRtxDelayError             0x2851     0x2  Code  Wk  rtx_evr.o [2]
EvrRtxDelayStarted           0x284d     0x2  Code  Wk  rtx_evr.o [2]
EvrRtxEventFlagsWaitTimeout
                              0xe11     0x2  Code  Wk  rtx_evr.o [2]
EvrRtxKernelError            0x2853     0x2  Code  Wk  rtx_evr.o [2]
EvrRtxKernelGetState         0x289b     0x2  Code  Wk  rtx_evr.o [2]
EvrRtxKernelGetTickCount
                             0x2919     0x2  Code  Wk  rtx_evr.o [2]
EvrRtxKernelInitialize       0x2915     0x2  Code  Wk  rtx_evr.o [2]
EvrRtxKernelInitialized
                             0x2899     0x2  Code  Wk  rtx_evr.o [2]
EvrRtxKernelStart            0x2917     0x2  Code  Wk  rtx_evr.o [2]
EvrRtxKernelStarted          0x2911     0x2  Code  Wk  rtx_evr.o [2]
EvrRtxMemoryAlloc            0x1225     0x2  Code  Wk  rtx_evr.o [2]
EvrRtxMemoryBlockAlloc       0x1221     0x2  Code  Wk  rtx_evr.o [2]
EvrRtxMemoryBlockFree        0x1223     0x2  Code  Wk  rtx_evr.o [2]
EvrRtxMemoryBlockInit        0x121f     0x2  Code  Wk  rtx_evr.o [2]
EvrRtxMemoryFree             0x125b     0x2  Code  Wk  rtx_evr.o [2]
EvrRtxMemoryInit             0x29c9     0x2  Code  Wk  rtx_evr.o [2]
EvrRtxMemoryPoolAllocTimeout
                              0xe17     0x2  Code  Wk  rtx_evr.o [2]
EvrRtxMessageQueueCreated
                             0x193b     0x2  Code  Wk  rtx_evr.o [2]
EvrRtxMessageQueueError
                             0x1933     0x2  Code  Wk  rtx_evr.o [2]
EvrRtxMessageQueueGet        0x194b     0x2  Code  Wk  rtx_evr.o [2]
EvrRtxMessageQueueGetPending
                             0x1941     0x2  Code  Wk  rtx_evr.o [2]
EvrRtxMessageQueueGetTimeout
                              0xe19     0x2  Code  Wk  rtx_evr.o [2]
EvrRtxMessageQueueInsertPending
                             0x1949     0x2  Code  Wk  rtx_evr.o [2]
EvrRtxMessageQueueInserted
                             0x192f     0x2  Code  Wk  rtx_evr.o [2]
EvrRtxMessageQueueNew        0x1945     0x2  Code  Wk  rtx_evr.o [2]
EvrRtxMessageQueueNotInserted
                             0x193f     0x2  Code  Wk  rtx_evr.o [2]
EvrRtxMessageQueueNotRetrieved
                             0x1943     0x2  Code  Wk  rtx_evr.o [2]
EvrRtxMessageQueuePut        0x1947     0x2  Code  Wk  rtx_evr.o [2]
EvrRtxMessageQueuePutPending
                             0x193d     0x2  Code  Wk  rtx_evr.o [2]
EvrRtxMessageQueuePutTimeout
                              0xe1b     0x2  Code  Wk  rtx_evr.o [2]
EvrRtxMessageQueueRetrieved
                             0x1931     0x2  Code  Wk  rtx_evr.o [2]
EvrRtxMutexAcquireTimeout
                              0xe13     0x2  Code  Wk  rtx_evr.o [2]
EvrRtxMutexAcquired          0x125f     0x2  Code  Wk  rtx_evr.o [2]
EvrRtxMutexReleased          0x125d     0x2  Code  Wk  rtx_evr.o [2]
EvrRtxSemaphoreAcquireTimeout
                              0xe15     0x2  Code  Wk  rtx_evr.o [2]
EvrRtxThreadBlocked           0xe23     0x2  Code  Wk  rtx_evr.o [2]
EvrRtxThreadCreated           0xfd3     0x2  Code  Wk  rtx_evr.o [2]
EvrRtxThreadDestroyed        0x1075     0x2  Code  Wk  rtx_evr.o [2]
EvrRtxThreadError             0xf47     0x2  Code  Wk  rtx_evr.o [2]
EvrRtxThreadExit             0x1083     0x2  Code  Wk  rtx_evr.o [2]
EvrRtxThreadFlagsError       0x1077     0x2  Code  Wk  rtx_evr.o [2]
EvrRtxThreadFlagsSet         0x1085     0x2  Code  Wk  rtx_evr.o [2]
EvrRtxThreadFlagsSetDone
                             0x1079     0x2  Code  Wk  rtx_evr.o [2]
EvrRtxThreadFlagsWait        0x11fd     0x2  Code  Wk  rtx_evr.o [2]
EvrRtxThreadFlagsWaitCompleted
                              0xe25     0x2  Code  Wk  rtx_evr.o [2]
EvrRtxThreadFlagsWaitNotCompleted
                             0x107d     0x2  Code  Wk  rtx_evr.o [2]
EvrRtxThreadFlagsWaitPending
                             0x107b     0x2  Code  Wk  rtx_evr.o [2]
EvrRtxThreadFlagsWaitTimeout
                              0xe0f     0x2  Code  Wk  rtx_evr.o [2]
EvrRtxThreadJoined           0x1073     0x2  Code  Wk  rtx_evr.o [2]
EvrRtxThreadNew              0x107f     0x2  Code  Wk  rtx_evr.o [2]
EvrRtxThreadPreempted         0xe1f     0x2  Code  Wk  rtx_evr.o [2]
EvrRtxThreadSwitched          0xe21     0x2  Code  Wk  rtx_evr.o [2]
EvrRtxThreadUnblocked         0xe1d     0x2  Code  Wk  rtx_evr.o [2]
EvrRtxThreadYield            0x1081     0x2  Code  Wk  rtx_evr.o [2]
EvrRtxTimerCallback          0x2de9     0x2  Code  Wk  rtx_evr.o [2]
GPIODirModeSet               0x2237    0x28  Code  Gb  gpio.o [4]
GPIOIntClear                 0x23c9     0x8  Code  Gb  gpio.o [4]
GPIOIntDisable               0x23b3     0x6  Code  Gb  gpio.o [4]
GPIOIntEnable                0x23ad     0x6  Code  Gb  gpio.o [4]
GPIOIntRegister              0x23d1    0x14  Code  Gb  gpio.o [4]
GPIOIntRegisterPin           0x23e5    0x16  Code  Gb  gpio.o [4]
GPIOIntStatus                0x23b9    0x10  Code  Gb  gpio.o [4]
GPIOIntTypeSet               0x225f    0x4c  Code  Gb  gpio.o [4]
GPIOPadConfigSet             0x22ab   0x102  Code  Gb  gpio.o [4]
GPIOPinTypeGPIOInput         0x240f    0x14  Code  Gb  gpio.o [4]
GPIOPinTypeGPIOOutput        0x2423     0xa  Code  Gb  gpio.o [4]
GPIOPinWrite                 0x2403     0x8  Code  Gb  gpio.o [4]
IntEnable                    0x2945    0x46  Code  Gb  interrupt.o [4]
IntRegister                  0x291d    0x28  Code  Gb  interrupt.o [4]
LEDInit                      0x1d79    0xc6  Code  Gb  driverleds.o [1]
LEDOff                       0x1e7d    0x3e  Code  Gb  driverleds.o [1]
LEDOn                        0x1e3f    0x3e  Code  Gb  driverleds.o [1]
MessageQueueGet              0x12b9    0x40  Code  Lc  rtx_msgqueue.o [2]
MessageQueuePut              0x126d    0x4a  Code  Lc  rtx_msgqueue.o [2]
MessageQueueRemove           0x12f9    0x1a  Code  Lc  rtx_msgqueue.o [2]
OS_Tick_AcknowledgeIRQ       0x1261     0xc  Code  Wk  os_systick.o [2]
OS_Tick_Enable               0x28e5    0x2c  Code  Wk  os_systick.o [2]
OS_Tick_GetIRQn              0x28dd     0x6  Code  Wk  os_systick.o [2]
OS_Tick_Setup                0x289d    0x40  Code  Wk  os_systick.o [2]
PendST                  0x2000'1624     0x1  Data  Lc  os_systick.o [2]
PendSV_Handler               0x2e85          Code  Gb  irq_cm4f.o [2]
Region$$Table$$Base          0x305c           --   Gb  - Linker created -
Region$$Table$$Limit         0x307c           --   Gb  - Linker created -
SVC_Handler                  0x2ded          Code  Gb  irq_cm4f.o [2]
SysCtlClockFreqSet           0x2611   0x1fc  Code  Gb  sysctl.o [4]
SysCtlPeripheralEnable       0x25f3     0x8  Code  Gb  sysctl.o [4]
SysCtlPeripheralReady        0x25d1     0x8  Code  Gb  sysctl.o [4]
SysTick_Handler              0x2e95          Code  Gb  irq_cm4f.o [2]
SystemCoreClock         0x2000'1a6c     0x4  Data  Gb  system_TM4C1294_TW.o [1]
SystemInit                   0x2585    0x1a  Code  Gb  system_TM4C1294_TW.o [1]
ThreadFlagsCheck              0x3c1    0x6c  Code  Lc  rtx_thread.o [2]
TimerInsert                  0x2d15    0x38  Code  Lc  rtx_timer.o [2]
_GPIOIntNumberGet            0x21f9    0x3e  Code  Lc  gpio.o [4]
_SysCtlMemTimingGet          0x25b1    0x20  Code  Lc  sysctl.o [4]
__Vectors                       0x0           --   Gb  startup_TM4C1294.o [1]
__Vectors_End                 0x3c0          Data  Gb  startup_TM4C1294.o [1]
__Vectors_Size {Abs}          0x3c0           --   Gb  startup_TM4C1294.o [1]
__aeabi_memclr               0x1935          Code  Gb  ABImemclr.o [5]
__aeabi_memclr4               0xfcd          Code  Gb  ABImemclr4.o [5]
__aeabi_memcpy               0x1889          Code  Gb  ABImemcpy.o [5]
__aeabi_memcpy4              0x18a9          Code  Gb  ABImemcpy.o [5]
__aeabi_memcpy8              0x18a9          Code  Gb  ABImemcpy.o [5]
__cmain                      0x307d          Code  Gb  cmain.o [5]
__exit                       0x30b1    0x14  Code  Gb  exit.o [6]
__iar_Memset4_word           0x1229          Code  Gb  ABImemset48.o [5]
__iar_Memset8_word           0x1229          Code  Gb  ABImemset48.o [5]
__iar_Memset_word            0x194d          Code  Gb  ABImemset.o [5]
__iar_data_init3             0x2fed    0x28  Code  Gb  data_init.o [5]
__iar_init_vfp               0x30e9          Code  Wk  startup_TM4C1294.o [1]
__iar_packbits_init_single3
                             0x2f85    0x38  Code  Gb  packbits_init_single.o [5]
__iar_program_start          0x30c5          Code  Gb  cstartup_M.o [5]
__iar_zero_init3              0xe27    0x3a  Code  Gb  zero_init3.o [5]
__low_level_init             0x309b     0x4  Code  Gb  low_level_init.o [3]
__vector_table                  0x0          Data  Gb  startup_TM4C1294.o [1]
__vector_table_0x1c            0x1c          Data  Gb  startup_TM4C1294.o [1]
_call_main                   0x3089          Code  Gb  cmain.o [5]
_exit                        0x30a5          Code  Gb  cexit.o [5]
_main                        0x3093          Code  Gb  cmain.o [5]
configButton                 0x1c27    0x2c  Code  Gb  main.o [1]
debouncing_time              0x311c     0x4  Data  Gb  main.o [1]
exit                         0x309f     0x4  Code  Gb  exit.o [3]
flags                   0x2000'1618     0x4  Data  Gb  main.o [1]
g_pfnRAMVectors         0x2000'1800   0x26c  Data  Lc  interrupt.o [4]
g_pppui32XTALtoVCO           0x29cc   0x1b0  Data  Lc  sysctl.o [4]
g_ppui32GPIOIntMapBlizzard
                             0x2b7c    0xc0  Data  Lc  gpio.o [4]
g_ppui32GPIOIntMapSnowflake
                             0x2c3c    0xd8  Data  Lc  gpio.o [4]
g_pui32EnRegs                0x29b4    0x14  Data  Lc  interrupt.o [4]
g_pui32VCOFrequencies        0x2844     0x8  Data  Lc  sysctl.o [4]
g_pui32Xtals                 0x2eb0    0x6c  Data  Lc  sysctl.o [4]
g_sXTALtoMEMTIM              0x2fbc    0x30  Data  Lc  sysctl.o [4]
last_Tick               0x2000'161c     0x4  Data  Gb  main.o [1]
ledHandler                   0x1a13    0xae  Code  Gb  main.o [1]
ledThread1              0x2000'15f4     0x4  Data  Gb  main.o [1]
ledThread2              0x2000'15f8     0x4  Data  Gb  main.o [1]
ledThread3              0x2000'15fc     0x4  Data  Gb  main.o [1]
ledThread4              0x2000'1600     0x4  Data  Gb  main.o [1]
main                         0x1c59    0xd6  Code  Gb  main.o [1]
mainThread              0x2000'1604     0x4  Data  Gb  main.o [1]
msgQueue1               0x2000'1608     0x4  Data  Gb  main.o [1]
msgQueue2               0x2000'160c     0x4  Data  Gb  main.o [1]
msgQueue3               0x2000'1610     0x4  Data  Gb  main.o [1]
msgQueue4               0x2000'1614     0x4  Data  Gb  main.o [1]
osDelay                      0x1ef1    0x38  Code  Gb  rtx_delay.o [2]
osKernelGetState             0x212d    0x40  Code  Gb  rtx_kernel.o [2]
osKernelGetTickCount         0x21a1    0x20  Code  Gb  rtx_kernel.o [2]
osKernelInitialize           0x20f5    0x38  Code  Gb  rtx_kernel.o [2]
osKernelStart                0x216d    0x34  Code  Gb  rtx_kernel.o [2]
osMessageQueueGet            0x17e5    0x90  Code  Gb  rtx_msgqueue.o [2]
osMessageQueueNew            0x170d    0x3e  Code  Gb  rtx_msgqueue.o [2]
osMessageQueuePut            0x174d    0x98  Code  Gb  rtx_msgqueue.o [2]
osRtxConfig                  0x2f1c    0x68  Data  Gb  rtx_lib.o [1]
osRtxErrorNotify             0x11ff    0x20  Code  Wk  RTX_Config.o [1]
osRtxIdleThread               0xfcb     0x2  Code  Wk  RTX_Config.o [1]
osRtxInfo               0x2000'0000    0xa4  Data  Gb  rtx_kernel.o [2]
osRtxKernelPreInit           0x2913     0x2  Code  Gb  rtx_lib.o [1]
osRtxMemoryAlloc              0xf49    0x82  Code  Wk  rtx_memory.o [2]
osRtxMemoryFree               0xfd5    0x4a  Code  Wk  rtx_memory.o [2]
osRtxMemoryInit              0x2855    0x44  Code  Wk  rtx_memory.o [2]
osRtxMemoryPoolAlloc          0xead    0x44  Code  Gb  rtx_mempool.o [2]
osRtxMemoryPoolFree           0xef1    0x56  Code  Gb  rtx_mempool.o [2]
osRtxMemoryPoolInit           0xe61    0x4a  Code  Gb  rtx_mempool.o [2]
osRtxMessageQueuePostProcess
                             0x1313    0xe6  Code  Lc  rtx_msgqueue.o [2]
osRtxMutexOwnerRelease       0x1021    0x52  Code  Gb  rtx_mutex.o [2]
osRtxPendSV_Handler          0x10f9    0x8a  Code  Gb  rtx_system.o [2]
osRtxPostProcess             0x1185    0x6e  Code  Gb  rtx_system.o [2]
osRtxThreadBlock              0x629    0x34  Code  Lc  rtx_thread.o [2]
osRtxThreadDelayInsert        0x481    0x62  Code  Lc  rtx_thread.o [2]
osRtxThreadDelayRemove        0x4e3    0x44  Code  Lc  rtx_thread.o [2]
osRtxThreadDelayTick          0x527    0xee  Code  Gb  rtx_thread.o [2]
osRtxThreadDispatch           0x679    0x54  Code  Gb  rtx_thread.o [2]
osRtxThreadFree               0x9a9    0x56  Code  Lc  rtx_thread.o [2]
osRtxThreadListGet            0x44f    0x14  Code  Gb  rtx_thread.o [2]
osRtxThreadListPut            0x42d    0x22  Code  Gb  rtx_thread.o [2]
osRtxThreadListRemove         0x463    0x16  Code  Gb  rtx_thread.o [2]
osRtxThreadPostProcess        0x741    0x54  Code  Lc  rtx_thread.o [2]
osRtxThreadReadyPut           0x479     0x8  Code  Gb  rtx_thread.o [2]
osRtxThreadRegPtr             0x615    0x14  Code  Gb  rtx_thread.o [2]
osRtxThreadStartup            0xc33    0x30  Code  Gb  rtx_thread.o [2]
osRtxThreadSwitch             0x65d    0x1c  Code  Gb  rtx_thread.o [2]
osRtxThreadWaitEnter          0x707    0x3a  Code  Gb  rtx_thread.o [2]
osRtxThreadWaitExit           0x6d3    0x2e  Code  Gb  rtx_thread.o [2]
osRtxTick_Handler            0x1089    0x6e  Code  Gb  rtx_system.o [2]
osRtxTimerThread             0x2da5    0x44  Code  Wk  rtx_timer.o [2]
osRtxTimerTick               0x2d4d    0x54  Code  Lc  rtx_timer.o [2]
osRtxUserSVC                 0x3120     0x4  Data  Wk  rtx_lib.o [1]
osThreadExit                  0xce5    0x16  Code  Gb  rtx_thread.o [2]
osThreadFlagsSet              0xd09    0x7a  Code  Gb  rtx_thread.o [2]
osThreadFlagsWait             0xd85    0x42  Code  Gb  rtx_thread.o [2]
osThreadNew                   0xc65    0x40  Code  Gb  rtx_thread.o [2]
osThreadYield                 0xca9    0x36  Code  Gb  rtx_thread.o [2]
os_idle_thread_attr          0x3014    0x24  Data  Lc  rtx_lib.o [1]
os_idle_thread_cb       0x2000'14f8    0x44  Data  Lc  rtx_lib.o [1]
os_idle_thread_stack    0x2000'10a8   0x200  Data  Lc  rtx_lib.o [1]
os_isr_queue            0x2000'1580    0x40  Data  Lc  rtx_lib.o [1]
os_mem                  0x2000'00a8  0x1000  Data  Lc  rtx_lib.o [1]
os_timer_mq_attr             0x30f4    0x18  Data  Lc  rtx_lib.o [1]
os_timer_mq_cb          0x2000'15c0    0x34  Data  Lc  rtx_lib.o [1]
os_timer_mq_data        0x2000'14a8    0x50  Data  Lc  rtx_lib.o [1]
os_timer_thread_attr         0x3038    0x24  Data  Lc  rtx_lib.o [1]
os_timer_thread_cb      0x2000'153c    0x44  Data  Lc  rtx_lib.o [1]
os_timer_thread_stack   0x2000'12a8   0x200  Data  Lc  rtx_lib.o [1]
setPIN                  0x2000'1620     0x4  Data  Gb  main.o [1]
softwarePwm                  0x19ad    0x66  Code  Gb  main.o [1]
svcRtxDelay                  0x1ecd    0x24  Code  Lc  rtx_delay.o [2]
svcRtxKernelGetState         0x2047    0x12  Code  Lc  rtx_kernel.o [2]
svcRtxKernelGetTickCount
                             0x20ef     0x4  Code  Lc  rtx_kernel.o [2]
svcRtxKernelInitialize       0x1f31   0x116  Code  Lc  rtx_kernel.o [2]
svcRtxKernelStart            0x2059    0x96  Code  Lc  rtx_kernel.o [2]
svcRtxMessageQueueGet        0x15fd    0xe8  Code  Lc  rtx_msgqueue.o [2]
svcRtxMessageQueueNew        0x13f9   0x130  Code  Lc  rtx_msgqueue.o [2]
svcRtxMessageQueuePut        0x1529    0xd4  Code  Lc  rtx_msgqueue.o [2]
svcRtxThreadExit              0x9ff    0x8e  Code  Lc  rtx_thread.o [2]
svcRtxThreadFlagsSet          0xa8d    0x9c  Code  Lc  rtx_thread.o [2]
svcRtxThreadFlagsWait         0xb2d   0x106  Code  Lc  rtx_thread.o [2]
svcRtxThreadNew               0x795   0x1cc  Code  Lc  rtx_thread.o [2]
svcRtxThreadYield             0x967    0x42  Code  Lc  rtx_thread.o [2]
taskSelector                 0x1ac1    0xf8  Code  Gb  main.o [1]


[1] = C:\Users\giova\Desktop\Repos\UTFPR\EK-TM4C1294_RTOS_IAR8-master\Projects\lab_desafio\Debug\Obj
[2] = RTX_CM.a
[3] = dl7M_tln.a
[4] = driverlib.a
[5] = rt7M_tl.a
[6] = shb_l.a

  11'326 bytes of readonly  code memory
   1'267 bytes of readonly  data memory
  39'061 bytes of readwrite data memory

Errors: none
Warnings: none
